[2022-07-21T11:30:52.119+0300][gc,heap] Heap region size: 1M
[2022-07-21T11:30:52.125+0300][gc     ] Using G1
[2022-07-21T11:30:52.125+0300][gc,heap,coops] Heap address: 0x00000000c0000000, size: 1024 MB, Compressed Oops mode: 32-bit
[2022-07-21T11:30:52.125+0300][gc,cds       ] Mark closed archive regions in map: [0x00000000fff00000, 0x00000000fff6aff8]
[2022-07-21T11:30:52.125+0300][gc,cds       ] Mark open archive regions in map: [0x00000000ffe00000, 0x00000000ffe46ff8]
[2022-07-21T11:30:52.695+0300][gc,start     ] GC(0) Pause Young (Normal) (G1 Evacuation Pause)
[2022-07-21T11:30:52.696+0300][gc,task      ] GC(0) Using 8 workers of 8 for evacuation
[2022-07-21T11:30:52.701+0300][gc,phases    ] GC(0)   Pre Evacuate Collection Set: 0,0ms
[2022-07-21T11:30:52.701+0300][gc,phases    ] GC(0)   Evacuate Collection Set: 5,1ms
[2022-07-21T11:30:52.701+0300][gc,phases    ] GC(0)   Post Evacuate Collection Set: 0,3ms
[2022-07-21T11:30:52.701+0300][gc,phases    ] GC(0)   Other: 0,4ms
[2022-07-21T11:30:52.701+0300][gc,heap      ] GC(0) Eden regions: 51->0(44)
[2022-07-21T11:30:52.701+0300][gc,heap      ] GC(0) Survivor regions: 0->7(7)
[2022-07-21T11:30:52.701+0300][gc,heap      ] GC(0) Old regions: 2->2
[2022-07-21T11:30:52.701+0300][gc,heap      ] GC(0) Humongous regions: 0->0
[2022-07-21T11:30:52.701+0300][gc,metaspace ] GC(0) Metaspace: 14651K->14651K(1062912K)
[2022-07-21T11:30:52.701+0300][gc           ] GC(0) Pause Young (Normal) (G1 Evacuation Pause) 51M->7M(1024M) 5,890ms
[2022-07-21T11:30:52.701+0300][gc,cpu       ] GC(0) User=0,04s Sys=0,00s Real=0,00s
[2022-07-21T11:30:52.990+0300][gc,start     ] GC(1) Pause Young (Concurrent Start) (Metadata GC Threshold)
[2022-07-21T11:30:52.990+0300][gc,task      ] GC(1) Using 8 workers of 8 for evacuation
[2022-07-21T11:30:52.999+0300][gc,phases    ] GC(1)   Pre Evacuate Collection Set: 0,1ms
[2022-07-21T11:30:52.999+0300][gc,phases    ] GC(1)   Evacuate Collection Set: 8,3ms
[2022-07-21T11:30:52.999+0300][gc,phases    ] GC(1)   Post Evacuate Collection Set: 0,3ms
[2022-07-21T11:30:52.999+0300][gc,phases    ] GC(1)   Other: 0,2ms
[2022-07-21T11:30:52.999+0300][gc,heap      ] GC(1) Eden regions: 24->0(49)
[2022-07-21T11:30:52.999+0300][gc,heap      ] GC(1) Survivor regions: 7->2(7)
[2022-07-21T11:30:52.999+0300][gc,heap      ] GC(1) Old regions: 2->9
[2022-07-21T11:30:52.999+0300][gc,heap      ] GC(1) Humongous regions: 0->0
[2022-07-21T11:30:52.999+0300][gc,metaspace ] GC(1) Metaspace: 20661K->20661K(1067008K)
[2022-07-21T11:30:52.999+0300][gc           ] GC(1) Pause Young (Concurrent Start) (Metadata GC Threshold) 31M->8M(1024M) 8,916ms
[2022-07-21T11:30:52.999+0300][gc,cpu       ] GC(1) User=0,04s Sys=0,01s Real=0,01s
[2022-07-21T11:30:52.999+0300][gc           ] GC(2) Concurrent Cycle
[2022-07-21T11:30:52.999+0300][gc,marking   ] GC(2) Concurrent Clear Claimed Marks
[2022-07-21T11:30:52.999+0300][gc,marking   ] GC(2) Concurrent Clear Claimed Marks 0,075ms
[2022-07-21T11:30:52.999+0300][gc,marking   ] GC(2) Concurrent Scan Root Regions
[2022-07-21T11:30:53.000+0300][gc,marking   ] GC(2) Concurrent Scan Root Regions 0,832ms
[2022-07-21T11:30:53.000+0300][gc,marking   ] GC(2) Concurrent Mark (0,902s)
[2022-07-21T11:30:53.000+0300][gc,marking   ] GC(2) Concurrent Mark From Roots
[2022-07-21T11:30:53.000+0300][gc,task      ] GC(2) Using 2 workers of 2 for marking
[2022-07-21T11:30:53.004+0300][gc,marking   ] GC(2) Concurrent Mark From Roots 3,822ms
[2022-07-21T11:30:53.004+0300][gc,marking   ] GC(2) Concurrent Preclean
[2022-07-21T11:30:53.004+0300][gc,marking   ] GC(2) Concurrent Preclean 0,069ms
[2022-07-21T11:30:53.004+0300][gc,marking   ] GC(2) Concurrent Mark (0,902s, 0,905s) 3,921ms
[2022-07-21T11:30:53.004+0300][gc,start     ] GC(2) Pause Remark
[2022-07-21T11:30:53.007+0300][gc,stringtable] GC(2) Cleaned string and symbol table, strings: 5164 processed, 0 removed, symbols: 51112 processed, 45 removed
[2022-07-21T11:30:53.008+0300][gc            ] GC(2) Pause Remark 9M->9M(1024M) 3,303ms
[2022-07-21T11:30:53.008+0300][gc,cpu        ] GC(2) User=0,02s Sys=0,00s Real=0,00s
[2022-07-21T11:30:53.008+0300][gc,marking    ] GC(2) Concurrent Rebuild Remembered Sets
[2022-07-21T11:30:53.010+0300][gc,marking    ] GC(2) Concurrent Rebuild Remembered Sets 2,436ms
[2022-07-21T11:30:53.010+0300][gc,start      ] GC(2) Pause Cleanup
[2022-07-21T11:30:53.010+0300][gc            ] GC(2) Pause Cleanup 10M->10M(1024M) 0,158ms
[2022-07-21T11:30:53.010+0300][gc,cpu        ] GC(2) User=0,00s Sys=0,00s Real=0,00s
[2022-07-21T11:30:53.010+0300][gc,marking    ] GC(2) Concurrent Cleanup for Next Mark
[2022-07-21T11:30:53.014+0300][gc,marking    ] GC(2) Concurrent Cleanup for Next Mark 3,396ms
[2022-07-21T11:30:53.014+0300][gc            ] GC(2) Concurrent Cycle 14,534ms
[2022-07-21T11:30:53.478+0300][gc,start      ] GC(3) Pause Young (Normal) (G1 Evacuation Pause)
[2022-07-21T11:30:53.478+0300][gc,task       ] GC(3) Using 8 workers of 8 for evacuation
[2022-07-21T11:30:53.483+0300][gc,phases     ] GC(3)   Pre Evacuate Collection Set: 0,0ms
[2022-07-21T11:30:53.483+0300][gc,phases     ] GC(3)   Evacuate Collection Set: 4,0ms
[2022-07-21T11:30:53.483+0300][gc,phases     ] GC(3)   Post Evacuate Collection Set: 0,4ms
[2022-07-21T11:30:53.483+0300][gc,phases     ] GC(3)   Other: 0,1ms
[2022-07-21T11:30:53.483+0300][gc,heap       ] GC(3) Eden regions: 49->0(46)
[2022-07-21T11:30:53.483+0300][gc,heap       ] GC(3) Survivor regions: 2->5(7)
[2022-07-21T11:30:53.483+0300][gc,heap       ] GC(3) Old regions: 9->9
[2022-07-21T11:30:53.483+0300][gc,heap       ] GC(3) Humongous regions: 129->129
[2022-07-21T11:30:53.483+0300][gc,metaspace  ] GC(3) Metaspace: 29025K->29025K(1075200K)
[2022-07-21T11:30:53.483+0300][gc            ] GC(3) Pause Young (Normal) (G1 Evacuation Pause) 186M->140M(1024M) 4,613ms
[2022-07-21T11:30:53.483+0300][gc,cpu        ] GC(3) User=0,03s Sys=0,00s Real=0,00s
[2022-07-21T11:30:53.690+0300][gc,start      ] GC(4) Pause Young (Concurrent Start) (Metadata GC Threshold)
[2022-07-21T11:30:53.690+0300][gc,task       ] GC(4) Using 8 workers of 8 for evacuation
[2022-07-21T11:30:53.694+0300][gc,phases     ] GC(4)   Pre Evacuate Collection Set: 0,1ms
[2022-07-21T11:30:53.694+0300][gc,phases     ] GC(4)   Evacuate Collection Set: 4,0ms
[2022-07-21T11:30:53.694+0300][gc,phases     ] GC(4)   Post Evacuate Collection Set: 0,2ms
[2022-07-21T11:30:53.694+0300][gc,phases     ] GC(4)   Other: 0,2ms
[2022-07-21T11:30:53.694+0300][gc,heap       ] GC(4) Eden regions: 26->0(49)
[2022-07-21T11:30:53.694+0300][gc,heap       ] GC(4) Survivor regions: 5->2(7)
[2022-07-21T11:30:53.694+0300][gc,heap       ] GC(4) Old regions: 9->13
[2022-07-21T11:30:53.694+0300][gc,heap       ] GC(4) Humongous regions: 129->129
[2022-07-21T11:30:53.694+0300][gc,metaspace  ] GC(4) Metaspace: 34373K->34373K(1081344K)
[2022-07-21T11:30:53.694+0300][gc            ] GC(4) Pause Young (Concurrent Start) (Metadata GC Threshold) 166M->142M(1024M) 4,632ms
[2022-07-21T11:30:53.694+0300][gc,cpu        ] GC(4) User=0,02s Sys=0,00s Real=0,00s
[2022-07-21T11:30:53.694+0300][gc            ] GC(5) Concurrent Cycle
[2022-07-21T11:30:53.694+0300][gc,marking    ] GC(5) Concurrent Clear Claimed Marks
[2022-07-21T11:30:53.695+0300][gc,marking    ] GC(5) Concurrent Clear Claimed Marks 0,115ms
[2022-07-21T11:30:53.695+0300][gc,marking    ] GC(5) Concurrent Scan Root Regions
[2022-07-21T11:30:53.695+0300][gc,marking    ] GC(5) Concurrent Scan Root Regions 0,792ms
[2022-07-21T11:30:53.695+0300][gc,marking    ] GC(5) Concurrent Mark (1,597s)
[2022-07-21T11:30:53.695+0300][gc,marking    ] GC(5) Concurrent Mark From Roots
[2022-07-21T11:30:53.695+0300][gc,task       ] GC(5) Using 2 workers of 2 for marking
[2022-07-21T11:30:53.723+0300][gc,marking    ] GC(5) Concurrent Mark From Roots 27,273ms
[2022-07-21T11:30:53.723+0300][gc,marking    ] GC(5) Concurrent Preclean
[2022-07-21T11:30:53.723+0300][gc,marking    ] GC(5) Concurrent Preclean 0,106ms
[2022-07-21T11:30:53.723+0300][gc,marking    ] GC(5) Concurrent Mark (1,597s, 1,624s) 27,453ms
[2022-07-21T11:30:53.723+0300][gc,start      ] GC(5) Pause Remark
[2022-07-21T11:30:53.728+0300][gc,stringtable] GC(5) Cleaned string and symbol table, strings: 10281 processed, 10 removed, symbols: 83417 processed, 14 removed
[2022-07-21T11:30:53.728+0300][gc            ] GC(5) Pause Remark 145M->145M(1024M) 4,976ms
[2022-07-21T11:30:53.728+0300][gc,cpu        ] GC(5) User=0,02s Sys=0,00s Real=0,01s
[2022-07-21T11:30:53.728+0300][gc,marking    ] GC(5) Concurrent Rebuild Remembered Sets
[2022-07-21T11:30:53.738+0300][gc,marking    ] GC(5) Concurrent Rebuild Remembered Sets 9,614ms
[2022-07-21T11:30:53.738+0300][gc,start      ] GC(5) Pause Cleanup
[2022-07-21T11:30:53.738+0300][gc            ] GC(5) Pause Cleanup 147M->147M(1024M) 0,265ms
[2022-07-21T11:30:53.738+0300][gc,cpu        ] GC(5) User=0,00s Sys=0,00s Real=0,00s
[2022-07-21T11:30:53.738+0300][gc,marking    ] GC(5) Concurrent Cleanup for Next Mark
[2022-07-21T11:30:53.742+0300][gc,marking    ] GC(5) Concurrent Cleanup for Next Mark 4,027ms
[2022-07-21T11:30:53.742+0300][gc            ] GC(5) Concurrent Cycle 47,872ms
[2022-07-21T11:33:31.025+0300][gc,start      ] GC(6) Pause Young (Concurrent Start) (G1 Evacuation Pause)
[2022-07-21T11:33:31.025+0300][gc,task       ] GC(6) Using 8 workers of 8 for evacuation
[2022-07-21T11:33:31.034+0300][gc,phases     ] GC(6)   Pre Evacuate Collection Set: 0,3ms
[2022-07-21T11:33:31.034+0300][gc,phases     ] GC(6)   Evacuate Collection Set: 6,4ms
[2022-07-21T11:33:31.034+0300][gc,phases     ] GC(6)   Post Evacuate Collection Set: 0,7ms
[2022-07-21T11:33:31.034+0300][gc,phases     ] GC(6)   Other: 1,5ms
[2022-07-21T11:33:31.034+0300][gc,heap       ] GC(6) Eden regions: 49->0(46)
[2022-07-21T11:33:31.034+0300][gc,heap       ] GC(6) Survivor regions: 2->5(7)
[2022-07-21T11:33:31.034+0300][gc,heap       ] GC(6) Old regions: 13->13
[2022-07-21T11:33:31.034+0300][gc,heap       ] GC(6) Humongous regions: 129->129
[2022-07-21T11:33:31.034+0300][gc,metaspace  ] GC(6) Metaspace: 41438K->41438K(1087488K)
[2022-07-21T11:33:31.034+0300][gc            ] GC(6) Pause Young (Concurrent Start) (G1 Evacuation Pause) 191M->144M(1024M) 9,098ms
[2022-07-21T11:33:31.034+0300][gc,cpu        ] GC(6) User=0,05s Sys=0,00s Real=0,00s
[2022-07-21T11:33:31.034+0300][gc            ] GC(7) Concurrent Cycle
[2022-07-21T11:33:31.034+0300][gc,marking    ] GC(7) Concurrent Clear Claimed Marks
[2022-07-21T11:33:31.034+0300][gc,marking    ] GC(7) Concurrent Clear Claimed Marks 0,276ms
[2022-07-21T11:33:31.034+0300][gc,marking    ] GC(7) Concurrent Scan Root Regions
[2022-07-21T11:33:31.038+0300][gc,marking    ] GC(7) Concurrent Scan Root Regions 4,216ms
[2022-07-21T11:33:31.038+0300][gc,marking    ] GC(7) Concurrent Mark (158,940s)
[2022-07-21T11:33:31.038+0300][gc,marking    ] GC(7) Concurrent Mark From Roots
[2022-07-21T11:33:31.038+0300][gc,task       ] GC(7) Using 2 workers of 2 for marking
[2022-07-21T11:33:31.049+0300][gc,marking    ] GC(7) Concurrent Mark From Roots 11,031ms
[2022-07-21T11:33:31.050+0300][gc,marking    ] GC(7) Concurrent Preclean
[2022-07-21T11:33:31.050+0300][gc,marking    ] GC(7) Concurrent Preclean 0,241ms
[2022-07-21T11:33:31.050+0300][gc,marking    ] GC(7) Concurrent Mark (158,940s, 158,951s) 11,371ms
[2022-07-21T11:33:31.050+0300][gc,start      ] GC(7) Pause Remark
[2022-07-21T11:33:31.055+0300][gc,stringtable] GC(7) Cleaned string and symbol table, strings: 11623 processed, 6 removed, symbols: 90674 processed, 7 removed
[2022-07-21T11:33:31.055+0300][gc            ] GC(7) Pause Remark 145M->145M(1024M) 4,845ms
[2022-07-21T11:33:31.055+0300][gc,cpu        ] GC(7) User=0,03s Sys=0,00s Real=0,00s
[2022-07-21T11:33:31.055+0300][gc,marking    ] GC(7) Concurrent Rebuild Remembered Sets
[2022-07-21T11:33:31.061+0300][gc,marking    ] GC(7) Concurrent Rebuild Remembered Sets 5,953ms
[2022-07-21T11:33:31.061+0300][gc,start      ] GC(7) Pause Cleanup
[2022-07-21T11:33:31.061+0300][gc            ] GC(7) Pause Cleanup 145M->145M(1024M) 0,153ms
[2022-07-21T11:33:31.061+0300][gc,cpu        ] GC(7) User=0,00s Sys=0,00s Real=0,00s
[2022-07-21T11:33:31.061+0300][gc,marking    ] GC(7) Concurrent Cleanup for Next Mark
[2022-07-21T11:33:31.064+0300][gc,marking    ] GC(7) Concurrent Cleanup for Next Mark 2,242ms
[2022-07-21T11:33:31.064+0300][gc            ] GC(7) Concurrent Cycle 29,809ms
[2022-07-21T11:52:12.737+0300][gc,start      ] GC(8) Pause Young (Normal) (G1 Evacuation Pause)
[2022-07-21T11:52:12.738+0300][gc,task       ] GC(8) Using 8 workers of 8 for evacuation
[2022-07-21T11:52:12.746+0300][gc,phases     ] GC(8)   Pre Evacuate Collection Set: 0,1ms
[2022-07-21T11:52:12.746+0300][gc,phases     ] GC(8)   Evacuate Collection Set: 6,4ms
[2022-07-21T11:52:12.746+0300][gc,phases     ] GC(8)   Post Evacuate Collection Set: 0,8ms
[2022-07-21T11:52:12.746+0300][gc,phases     ] GC(8)   Other: 1,5ms
[2022-07-21T11:52:12.746+0300][gc,heap       ] GC(8) Eden regions: 46->0(46)
[2022-07-21T11:52:12.746+0300][gc,heap       ] GC(8) Survivor regions: 5->5(7)
[2022-07-21T11:52:12.746+0300][gc,heap       ] GC(8) Old regions: 13->15
[2022-07-21T11:52:12.746+0300][gc,heap       ] GC(8) Humongous regions: 129->129
[2022-07-21T11:52:12.746+0300][gc,metaspace  ] GC(8) Metaspace: 44465K->44465K(1089536K)
[2022-07-21T11:52:12.746+0300][gc            ] GC(8) Pause Young (Normal) (G1 Evacuation Pause) 190M->146M(1024M) 8,782ms
[2022-07-21T11:52:12.746+0300][gc,cpu        ] GC(8) User=0,05s Sys=0,00s Real=0,01s
[2022-07-21T12:05:16.526+0300][gc,start      ] GC(9) Pause Young (Normal) (G1 Evacuation Pause)
[2022-07-21T12:05:16.527+0300][gc,task       ] GC(9) Using 8 workers of 8 for evacuation
[2022-07-21T12:05:16.538+0300][gc,phases     ] GC(9)   Pre Evacuate Collection Set: 0,6ms
[2022-07-21T12:05:16.538+0300][gc,phases     ] GC(9)   Evacuate Collection Set: 7,8ms
[2022-07-21T12:05:16.538+0300][gc,phases     ] GC(9)   Post Evacuate Collection Set: 2,6ms
[2022-07-21T12:05:16.538+0300][gc,phases     ] GC(9)   Other: 6,9ms
[2022-07-21T12:05:16.538+0300][gc,heap       ] GC(9) Eden regions: 46->0(48)
[2022-07-21T12:05:16.538+0300][gc,heap       ] GC(9) Survivor regions: 5->3(7)
[2022-07-21T12:05:16.538+0300][gc,heap       ] GC(9) Old regions: 15->17
[2022-07-21T12:05:16.538+0300][gc,heap       ] GC(9) Humongous regions: 129->129
[2022-07-21T12:05:16.538+0300][gc,metaspace  ] GC(9) Metaspace: 44601K->44601K(1089536K)
[2022-07-21T12:05:16.538+0300][gc            ] GC(9) Pause Young (Normal) (G1 Evacuation Pause) 192M->147M(1024M) 12,393ms
[2022-07-21T12:05:16.539+0300][gc,cpu        ] GC(9) User=0,06s Sys=0,01s Real=0,01s
[2022-07-21T12:12:07.948+0300][gc,heap,exit  ] Heap
[2022-07-21T12:12:07.948+0300][gc,heap,exit  ]  garbage-first heap   total 1048576K, used 169240K [0x00000000c0000000, 0x0000000100000000)
[2022-07-21T12:12:07.948+0300][gc,heap,exit  ]   region size 1024K, 23 young (23552K), 3 survivors (3072K)
[2022-07-21T12:12:07.948+0300][gc,heap,exit  ]  Metaspace       used 45463K, capacity 48506K, committed 48640K, reserved 1089536K
[2022-07-21T12:12:07.948+0300][gc,heap,exit  ]   class space    used 6072K, capacity 7559K, committed 7680K, reserved 1048576K
