[2022-07-21T11:30:25.947+0300][gc,heap] Heap region size: 1M
[2022-07-21T11:30:25.950+0300][gc     ] Using G1
[2022-07-21T11:30:25.950+0300][gc,heap,coops] Heap address: 0x00000000e0000000, size: 512 MB, Compressed Oops mode: 32-bit
[2022-07-21T11:30:25.950+0300][gc,cds       ] Mark closed archive regions in map: [0x00000000fff00000, 0x00000000fff6aff8]
[2022-07-21T11:30:25.950+0300][gc,cds       ] Mark open archive regions in map: [0x00000000ffe00000, 0x00000000ffe46ff8]
[2022-07-21T11:30:26.384+0300][gc,start     ] GC(0) Pause Young (Normal) (G1 Evacuation Pause)
[2022-07-21T11:30:26.384+0300][gc,task      ] GC(0) Using 8 workers of 8 for evacuation
[2022-07-21T11:30:26.394+0300][gc,phases    ] GC(0)   Pre Evacuate Collection Set: 0,0ms
[2022-07-21T11:30:26.395+0300][gc,phases    ] GC(0)   Evacuate Collection Set: 9,7ms
[2022-07-21T11:30:26.395+0300][gc,phases    ] GC(0)   Post Evacuate Collection Set: 0,5ms
[2022-07-21T11:30:26.395+0300][gc,phases    ] GC(0)   Other: 0,5ms
[2022-07-21T11:30:26.395+0300][gc,heap      ] GC(0) Eden regions: 25->0(21)
[2022-07-21T11:30:26.395+0300][gc,heap      ] GC(0) Survivor regions: 0->4(4)
[2022-07-21T11:30:26.395+0300][gc,heap      ] GC(0) Old regions: 2->5
[2022-07-21T11:30:26.395+0300][gc,heap      ] GC(0) Humongous regions: 0->0
[2022-07-21T11:30:26.395+0300][gc,metaspace ] GC(0) Metaspace: 7542K->7542K(1056768K)
[2022-07-21T11:30:26.395+0300][gc           ] GC(0) Pause Young (Normal) (G1 Evacuation Pause) 25M->7M(512M) 10,782ms
[2022-07-21T11:30:26.395+0300][gc,cpu       ] GC(0) User=0,06s Sys=0,00s Real=0,00s
[2022-07-21T12:12:09.296+0300][gc,heap,exit ] Heap
[2022-07-21T12:12:09.297+0300][gc,heap,exit ]  garbage-first heap   total 524288K, used 21086K [0x00000000e0000000, 0x0000000100000000)
[2022-07-21T12:12:09.297+0300][gc,heap,exit ]   region size 1024K, 18 young (18432K), 4 survivors (4096K)
[2022-07-21T12:12:09.297+0300][gc,heap,exit ]  Metaspace       used 9203K, capacity 9560K, committed 9856K, reserved 1058816K
[2022-07-21T12:12:09.297+0300][gc,heap,exit ]   class space    used 965K, capacity 1088K, committed 1152K, reserved 1048576K
